[m[0;32;32m1970-01-01 14:43:27.363|I|1687629|lpHids [idslib] [module_process] 0058 --- abnormal_cmd_alarm_callback >>> [info] cmd:/ifs/usr/bin/grep UCM not match
[m[1;33m1970-01-01 14:43:29.16|W|181354659|lpUCM [fds.cpp:FDS_printVerInfo:64] Compiled on: Nov  6 2025 at 07:27:58
[m[1;33m1970-01-01 14:43:29.16|W|181354659|lpUCM [fds.cpp:FDS_printVerInfo:66] ********************VERSION*******************
[m[1;33m1970-01-01 14:43:29.16|W|181354659|lpUCM [fds.cpp:FDS_printVerInfo:67] Branch     : 
[m[1;33m1970-01-01 14:43:29.16|W|181354659|lpUCM [fds.cpp:FDS_printVerInfo:68] Commit Hash: 7ec4ab9d8dad61a5965453a4e099be7e5296b529
[m[1;33m1970-01-01 14:43:29.16|W|181354659|lpUCM [fds.cpp:FDS_printVerInfo:69] Commit Time: 2025-10-30 15:25:06 +0800
[m[1;33m1970-01-01 14:43:29.16|W|181354659|lpUCM [fds.cpp:FDS_printVerInfo:70] **********************************************
[m[0;32;32m1970-01-01 14:43:29.16|I|181354659|lpUCM [8797_handler.c:FDS_idhGetDescTable:48] descTable is 4c7e912930, g_idhTbl is 2692b9da40, size = 6
[m[1;33m1970-01-01 14:43:29.16|W|181354659|lpUCM [bootChain.c:FDS_bcInit:29] [bc_Init] Starting interopt_select_os
[m[1;33m1970-01-01 14:43:29.16|W|181354659|lpUCM [bootChain.c:FDS_bcInit:31] [bc_Init] Completed interopt_select_os
[m[1;33m1970-01-01 14:43:29.16|W|181354659|lpUCM [bootChain.c:FDS_bcInit:33] [bc_Init] Starting drvr_select_devb
[m[1;33m1970-01-01 14:43:29.16|W|181354659|lpUCM [bootChain.c:FDS_bcInit:35] [bc_Init] Completed drvr_select_devb
[m[1;33m1970-01-01 14:43:29.16|W|181354659|lpUCM [bootChain.c:FDS_bcInit:37] [bc_Init] Starting drvr_select_swdl_lun
[m[1;33m1970-01-01 14:43:29.16|W|181354659|lpUCM [bootChain.c:FDS_bcInit:39] [bc_Init] Completed drvr_select_swdl_lun
[m[1;33m1970-01-01 14:43:29.16|W|181354659|lpUCM [bootChain.c:FDS_bcInit:41] [bc_Init] Starting swdl_init
[m[1;33m1970-01-01 14:43:29.19|W|181354659|lpUCM [bootChain.c:FDS_bcInit:56] [bc_Init] Completed swdl_init
[m[0;32;32m1970-01-01 14:43:29.19|I|181354659|lpUCM [fds.cpp:main:99] start upgrade by local file: /opt/data/fota/LP-ADDC0C0-AA_V1.00.0121_FOTA_D_20251212.icsw
[m[0;32;32m1970-01-01 14:43:29.19|I|181354659|lpUCM [upa.c:FDS_upaSetSilenceMode:236] FDS_upaSetSilenceMode
[m[0;32;32m1970-01-01 14:43:29.20|I|181354659|lpUCM IpcKeyValueClient construct
[m[1;33m1970-01-01 14:43:29.31|W|181354659|lpUCM IpcClientChannel open suc, retries: 0 
[m[0;32;32m1970-01-01 14:43:29.31|I|181354659|lpUCM IpcKeyValueClient::init ipcclient suc
[m[0;32;32m1970-01-01 14:43:29.31|I|181354659|lpUCM PER_storageCreate create success
[m[1;33m1970-01-01 14:43:29.31|W|1056854|lpPer DbAdapter::SetValue setvalue key: CAL_NOFEELUP_VALIDFLAG, value: 0x00 , authority: lpUCM
[m[0;32;32m1970-01-01 14:43:29.32|I|181354659|lpUCM IpcKeyValueClient deconstruct
[m[0;32;32m1970-01-01 14:43:29.32|I|181354659|lpUCM PerClient deconstruct
[m[0;32;32m1970-01-01 14:43:29.32|I|181354659|lpUCM [file.c:FDS_fileMkDir:274] Directory /opt/data/fota/ already exists
[m[0;32;31m1970-01-01 14:43:29.34|E|181354659|lpUCM [img.c:FDS_imgGetVal:37] [scripts] FDS_cfgGetSubNodeByName fail 
[m[1;33m1970-01-01 14:43:29.34|W|181354659|lpUCM [dum.c:FDS_dumConvertSwtchAB:151] STUB !!!
[m[0;32;32m1970-01-01 14:43:29.34|I|181354659|lpUCM [scm.c:FDS_scmOnHandleFile:926] offset:21904
[m[1;33m1970-01-01 14:43:29.34|W|181354659|lpUCM [dum.c:FDS_dumGetProduct:98] STUB !!!
[m[1;33m1970-01-01 14:43:29.34|W|181354659|lpUCM [dum.c:FDS_dumGetProduct:141] product:LP-ADDC0C0-AA
[m[0;32;32m1970-01-01 14:43:29.34|I|181354659|lpUCM IpcKeyValueClient construct
[m[1;33m1970-01-01 14:43:29.45|W|181354659|lpUCM IpcClientChannel open suc, retries: 0 
[m[0;32;32m1970-01-01 14:43:29.45|I|181354659|lpUCM IpcKeyValueClient::init ipcclient suc
[m[0;32;32m1970-01-01 14:43:29.45|I|181354659|lpUCM PER_storageCreate create success
[m[0;32;32m1970-01-01 14:43:29.45|I|181354659|lpUCM [upa.c:FDS_upaCmpSwVersion:51] FDS_upaCmpSwVersion throuth pia 1.00.000
[m[1;33m1970-01-01 14:43:29.45|W|181354659|lpUCM [upa.c:FDS_upaCmpSwVersion:64] packect_version 1.00.0121 curversion 1.00.000 
[m[0;32;32m1970-01-01 14:43:29.45|I|181354659|lpUCM IpcKeyValueClient deconstruct
[m[0;32;32m1970-01-01 14:43:29.45|I|181354659|lpUCM PerClient deconstruct
[m[0;32;32m1970-01-01 14:43:29.45|I|181354659|lpUCM [csm.c:FDS_csmX509ParseValueLength:397] first:0x82, bytes:2, length:0x3b5
[m[0;32;32m1970-01-01 14:43:29.45|I|181354659|lpUCM [csm.c:FDS_csmX509ParseBreadth:462] [0] T:0x30, L:0x3b5, V:5701fbd724
[m[0;32;32m1970-01-01 14:43:29.45|I|181354659|lpUCM [csm.c:FDS_csmX509ParseValueLength:397] first:0x82, bytes:2, length:0x29d
[m[0;32;32m1970-01-01 14:43:29.45|I|181354659|lpUCM [csm.c:FDS_csmX509ParseValueLength:397] first:0x82, bytes:2, length:0x101
[m[0;32;32m1970-01-01 14:43:29.45|I|181354659|lpUCM [csm.c:FDS_csmX509ParseBreadth:462] [0] T:0x30, L:0x29d, V:5701fbd728
[m[0;32;32m1970-01-01 14:43:29.45|I|181354659|lpUCM [csm.c:FDS_csmX509ParseBreadth:462] [1] T:0x30, L:0xd, V:5701fbd9c7
[m[0;32;32m1970-01-01 14:43:29.45|I|181354659|lpUCM [csm.c:FDS_csmX509ParseBreadth:462] [2] T:0x03, L:0x101, V:5701fbd9d8
[m[0;32;32m1970-01-01 14:43:29.45|I|181354659|lpUCM [csm.c:FDS_csmX509ParseValueLength:397] first:0x81, bytes:1, length:0x93
[m[0;32;32m1970-01-01 14:43:29.45|I|181354659|lpUCM [csm.c:FDS_csmX509ParseValueLength:397] first:0x82, bytes:2, length:0x122
[m[0;32;32m1970-01-01 14:43:29.45|I|181354659|lpUCM [csm.c:FDS_csmX509ParseBreadth:462] [0] T:0xa0, L:0x3, V:5701fbd72a
[m[0;32;32m1970-01-01 14:43:29.45|I|181354659|lpUCM [csm.c:FDS_csmX509ParseBreadth:462] [1] T:0x02, L:0x6, V:5701fbd72f
[m[0;32;32m1970-01-01 14:43:29.45|I|181354659|lpUCM [csm.c:FDS_csmX509ParseBreadth:462] [2] T:0x30, L:0xd, V:5701fbd737
[m[0;32;32m1970-01-01 14:43:29.45|I|181354659|lpUCM [csm.c:FDS_csmX509ParseBreadth:462] [3] T:0x30, L:0x6f, V:5701fbd746
[m[0;32;32m1970-01-01 14:43:29.45|I|181354659|lpUCM [csm.c:FDS_csmX509ParseBreadth:462] [4] T:0x30, L:0x1e, V:5701fbd7b7
[m[0;32;32m1970-01-01 14:43:29.45|I|181354659|lpUCM [csm.c:FDS_csmX509ParseBreadth:462] [5] T:0x30, L:0x93, V:5701fbd7d8
[m[0;32;32m1970-01-01 14:43:29.45|I|181354659|lpUCM [csm.c:FDS_csmX509ParseBreadth:462] [6] T:0x30, L:0x122, V:5701fbd86f
[m[0;32;32m1970-01-01 14:43:29.46|I|181354659|lpUCM [verify.c:FDS_verifyX509Certificate:155] signature length:51
[m[0;32;32m1970-01-01 14:43:29.46|I|181354659|lpUCM [csm.c:FDS_csmX509ParseBreadth:462] [0] T:0x30, L:0x31, V:4c7e9110fa
[m[0;32;32m1970-01-01 14:43:29.46|I|181354659|lpUCM [csm.c:FDS_csmX509ParseBreadth:462] [0] T:0x30, L:0xd, V:4c7e9110fc
[m[0;32;32m1970-01-01 14:43:29.46|I|181354659|lpUCM [csm.c:FDS_csmX509ParseBreadth:462] [1] T:0x04, L:0x20, V:4c7e91110b
[m[0;32;32m1970-01-01 14:43:29.46|I|181354659|lpUCM [csm.c:FDS_csmGetHashFromSignature:131] outSize:32
[m[0;32;32m1970-01-01 14:43:29.46|I|181354659|lpUCM [csm.c:FDS_csmCalcCertSha256:175] size:32
[m[0;32;32m1970-01-01 14:43:29.46|I|181354659|lpUCM [verify.c:FDS_verifyX509Certificate:179] x509 certificate pass
[m[0;32;32m1970-01-01 14:43:29.46|I|181354659|lpUCM [csm.c:FDS_csmX509ParseValueLength:397] first:0x82, bytes:2, length:0x10f
[m[0;32;32m1970-01-01 14:43:29.46|I|181354659|lpUCM [csm.c:FDS_csmX509ParseBreadth:462] [0] T:0x30, L:0xd, V:5701fbd871
[m[0;32;32m1970-01-01 14:43:29.46|I|181354659|lpUCM [csm.c:FDS_csmX509ParseBreadth:462] [1] T:0x03, L:0x10f, V:5701fbd882
[m[0;32;32m1970-01-01 14:43:29.46|I|181354659|lpUCM [csm.c:FDS_csmGetX509SubjectPublicKey:307] validBuffSize: 0x10e
[m[0;32;32m1970-01-01 14:43:29.46|I|181354659|lpUCM [csm.c:FDS_csmX509ParseValueLength:397] first:0x82, bytes:2, length:0x10a
[m[0;32;32m1970-01-01 14:43:29.46|I|181354659|lpUCM [csm.c:FDS_csmX509ParseBreadth:462] [0] T:0x30, L:0x10a, V:4c7e91030c
[m[0;32;32m1970-01-01 14:43:29.46|I|181354659|lpUCM [csm.c:FDS_csmX509ParseValueLength:397] first:0x82, bytes:2, length:0x101
[m[0;32;32m1970-01-01 14:43:29.46|I|181354659|lpUCM [csm.c:FDS_csmX509ParseBreadth:462] [0] T:0x02, L:0x101, V:4c7e910310
[m[0;32;32m1970-01-01 14:43:29.46|I|181354659|lpUCM [csm.c:FDS_csmX509ParseBreadth:462] [1] T:0x02, L:0x3, V:4c7e910413
[m[0;32;32m1970-01-01 14:43:29.46|I|181354659|lpUCM [csm.c:FDS_csmX509ParseBreadth:462] [0] T:0x30, L:0x31, V:4c7e9110fa
[m[0;32;32m1970-01-01 14:43:29.46|I|181354659|lpUCM [csm.c:FDS_csmX509ParseBreadth:462] [0] T:0x30, L:0xd, V:4c7e9110fc
[m[0;32;32m1970-01-01 14:43:29.46|I|181354659|lpUCM [csm.c:FDS_csmX509ParseBreadth:462] [1] T:0x04, L:0x20, V:4c7e91110b
[m[0;32;32m1970-01-01 14:43:29.46|I|181354659|lpUCM [csm.c:FDS_csmGetHashFromSignature:131] outSize:32
[m[0;32;32m1970-01-01 14:43:29.46|I|181354659|lpUCM [verify.c:FDS_verifyFirmwareSignature:242] firmware signature pass!!!
[m[0;32;32m1970-01-01 14:43:29.46|I|181354659|lpUCM [verify.c:FDS_verifyFirmwareHash:258] descFileName:/opt/data/fota/sw-description
[m[1;33m1970-01-01 14:43:29.46|W|181354659|lpUCM [verify.c:FDS_verifyFirmwareHash:303] sw-description verify success !!!
[m[1;33m1970-01-01 14:43:29.46|W|181354659|lpUCM [verify.c:FDS_verifyContext:355] verify context success !!!
[m[0;32;32m1970-01-01 14:43:29.46|I|181354659|lpUCM [scm.c:FDS_scmOnHandleFile:936] offset:21904
[m[1;33m1970-01-01 14:43:29.46|W|181354659|lpUCM [scm.c:FDS_scmScanAndVerify:395] NON-HLOS.bin.gz:23770554, find
[m[1;33m1970-01-01 14:43:29.216|W|181354659|lpUCM [scm.c:FDS_scmScanAndVerify:395] abl.elf.gz:124175, find
[m[1;33m1970-01-01 14:43:29.217|W|181354659|lpUCM [scm.c:FDS_scmScanAndVerify:395] adsp1_computelite.mbn.gz:1654738, find
[m[1;33m1970-01-01 14:43:29.228|W|181354659|lpUCM [scm.c:FDS_scmScanAndVerify:395] adsp1_computelite_dtbs.elf.gz:9082, find
[m[1;33m1970-01-01 14:43:29.229|W|181354659|lpUCM [scm.c:FDS_scmScanAndVerify:395] adsp2_computelite.mbn.gz:1654620, find
[m[1;33m1970-01-01 14:43:29.241|W|181354659|lpUCM [scm.c:FDS_scmScanAndVerify:395] adsp2_computelite_dtbs.elf.gz:9073, find
[m[1;33m1970-01-01 14:43:29.241|W|181354659|lpUCM [scm.c:FDS_scmScanAndVerify:395] adsp_computelite.mbn.gz:1659448, find
[m[1;33m1970-01-01 14:43:29.253|W|181354659|lpUCM [scm.c:FDS_scmScanAndVerify:395] adsp_computelite_dtbs.elf.gz:9556, find
[m[1;33m1970-01-01 14:43:29.253|W|181354659|lpUCM [scm.c:FDS_scmScanAndVerify:395] aop.mbn.gz:120001, find
[m[1;33m1970-01-01 14:43:29.254|W|181354659|lpUCM [scm.c:FDS_scmScanAndVerify:395] aop_devcfg.mbn.gz:4185, find
[m[1;33m1970-01-01 14:43:29.254|W|181354659|lpUCM [scm.c:FDS_scmScanAndVerify:395] audio_cfg.mbn.gz:1065, find
[m[1;33m1970-01-01 14:43:29.254|W|181354659|lpUCM [scm.c:FDS_scmScanAndVerify:395] autosarsailsw1.elf:526016, find
[m[0;32;32m1970-01-01 14:43:29.259|I|181354659|lpUCM [scm.c:FDS_scmVerifyImage:344] file [autosarsailsw1.elf] calculate finalCrc :0xE8C7FCC5
[m[1;33m1970-01-01 14:43:29.259|W|181354659|lpUCM [scm.c:FDS_scmScanAndVerify:395] cdsp.mbn.gz:1520640, find
[m[1;33m1970-01-01 14:43:29.270|W|181354659|lpUCM [scm.c:FDS_scmScanAndVerify:395] cdsp1.mbn.gz:1520055, find
[m[1;33m1970-01-01 14:43:29.281|W|181354659|lpUCM [scm.c:FDS_scmScanAndVerify:395] cdsp1_dtbs.elf.gz:8602, find
[m[1;33m1970-01-01 14:43:29.281|W|181354659|lpUCM [scm.c:FDS_scmScanAndVerify:395] cdsp2.mbn.gz:1520011, find
[m[1;33m1970-01-01 14:43:29.292|W|181354659|lpUCM [scm.c:FDS_scmScanAndVerify:395] cdsp2_dtbs.elf.gz:8590, find
[m[1;33m1970-01-01 14:43:29.292|W|181354659|lpUCM [scm.c:FDS_scmScanAndVerify:395] cdsp3.mbn.gz:1519922, find
[m[1;33m1970-01-01 14:43:29.303|W|181354659|lpUCM [scm.c:FDS_scmScanAndVerify:395] cdsp3_dtbs.elf.gz:8595, find
[m[1;33m1970-01-01 14:43:29.303|W|181354659|lpUCM [scm.c:FDS_scmScanAndVerify:395] cdsp_dtbs.elf.gz:8576, find
[m[1;33m1970-01-01 14:43:29.303|W|181354659|lpUCM [scm.c:FDS_scmScanAndVerify:395] cpucp.elf.gz:88395, find
[m[1;33m1970-01-01 14:43:29.304|W|181354659|lpUCM [scm.c:FDS_scmScanAndVerify:395] cpucp_dtbs.elf.gz:1807, find
[m[1;33m1970-01-01 14:43:29.304|W|181354659|lpUCM [scm.c:FDS_scmScanAndVerify:395] dcd.mbn.gz:3161, find
[m[1;33m1970-01-01 14:43:29.304|W|181354659|lpUCM [scm.c:FDS_scmScanAndVerify:395] ddr_lcp.elf.gz:41, find
[m[1;33m1970-01-01 14:43:29.304|W|181354659|lpUCM [scm.c:FDS_scmScanAndVerify:395] devcfg_auto.mbn.gz:23233, find
[m[1;33m1970-01-01 14:43:29.305|W|181354659|lpUCM [scm.c:FDS_scmScanAndVerify:395] display_cfg.mbn.gz:1067, find
[m[1;33m1970-01-01 14:43:29.305|W|181354659|lpUCM [scm.c:FDS_scmScanAndVerify:395] dspso.bin.gz:75949568, find
[m[1;33m1970-01-01 14:43:29.852|W|181354659|lpUCM [scm.c:FDS_scmScanAndVerify:395] gearvm.mbn.gz:313635, find
[m[1;33m1970-01-01 14:43:29.854|W|181354659|lpUCM [scm.c:FDS_scmScanAndVerify:395] hconfig_qdrive.elf.gz:459039, find
[m[1;33m1970-01-01 14:43:29.857|W|181354659|lpUCM [scm.c:FDS_scmScanAndVerify:395] hyp_ac_config.mbn.gz:12245, find
[m[1;33m1970-01-01 14:43:29.857|W|181354659|lpUCM [scm.c:FDS_scmScanAndVerify:395] ifs2.img.gz:65235358, find
[m[1;33m1970-01-01 14:43:30.322|W|181354659|lpUCM [scm.c:FDS_scmScanAndVerify:395] license.bin.gz:2190, find
[m[1;33m1970-01-01 14:43:30.322|W|181354659|lpUCM [scm.c:FDS_scmScanAndVerify:395] mifs_hyp.img.gz:7092674, find
[m[1;33m1970-01-01 14:43:30.373|W|181354659|lpUCM [scm.c:FDS_scmScanAndVerify:395] oem_00.img.gz:680547473, find
[m[1;33m1970-01-01 14:43:35.227|W|181354659|lpUCM [scm.c:FDS_scmScanAndVerify:395] oem_01.img.gz:4168186, find
[m[1;33m1970-01-01 14:43:35.256|W|181354659|lpUCM [scm.c:FDS_scmScanAndVerify:395] oem_02.img.gz:2084255, find
[m[1;33m1970-01-01 14:43:35.271|W|181354659|lpUCM [scm.c:FDS_scmScanAndVerify:395] oem_misc.mbn.gz:3010, find
[m[1;33m1970-01-01 14:43:35.271|W|181354659|lpUCM [scm.c:FDS_scmScanAndVerify:395] pdp.elf.gz:88846, find
[m[1;33m1970-01-01 14:43:35.272|W|181354659|lpUCM [scm.c:FDS_scmScanAndVerify:395] pdp_cdb.elf.gz:1602, find
[m[1;33m1970-01-01 14:43:35.272|W|181354659|lpUCM [scm.c:FDS_scmScanAndVerify:395] qti_misc.mbn.gz:2304, find
[m[1;33m1970-01-01 14:43:35.272|W|181354659|lpUCM [scm.c:FDS_scmScanAndVerify:395] qupv3fw.elf.gz:21460, find
[m[1;33m1970-01-01 14:43:35.272|W|181354659|lpUCM [scm.c:FDS_scmScanAndVerify:395] sailhyp.elf:616768, find
[m[0;32;32m1970-01-01 14:43:35.278|I|181354659|lpUCM [scm.c:FDS_scmVerifyImage:344] file [sailhyp.elf] calculate finalCrc :0xCDF53796
[m[1;33m1970-01-01 14:43:35.279|W|181354659|lpUCM [scm.c:FDS_scmScanAndVerify:395] sdi.mbn.gz:23479, find
[m[1;33m1970-01-01 14:43:35.279|W|181354659|lpUCM [scm.c:FDS_scmScanAndVerify:395] sequencer_ram.elf.gz:750, find
[m[1;33m1970-01-01 14:43:35.279|W|181354659|lpUCM [scm.c:FDS_scmScanAndVerify:395] shrm.elf.gz:84883, find
[m[1;33m1970-01-01 14:43:35.280|W|181354659|lpUCM [scm.c:FDS_scmScanAndVerify:395] signed_firmware_soc_view.elf.gz:166425, find
[m[1;33m1970-01-01 14:43:35.281|W|181354659|lpUCM [scm.c:FDS_scmScanAndVerify:395] soccp.mbn.gz:93389, find
[m[1;33m1970-01-01 14:43:35.282|W|181354659|lpUCM [scm.c:FDS_scmScanAndVerify:395] system.img.gz:64178654, find
[m[1;33m1970-01-01 14:43:35.739|W|181354659|lpUCM [scm.c:FDS_scmScanAndVerify:395] tme_config.elf.gz:9817, find
[m[1;33m1970-01-01 14:43:35.739|W|181354659|lpUCM [scm.c:FDS_scmScanAndVerify:395] tz.mbn.gz:1630953, find
[m[1;33m1970-01-01 14:43:35.752|W|181354659|lpUCM [scm.c:FDS_scmScanAndVerify:395] tz_ac_config.mbn.gz:19770, find
[m[1;33m1970-01-01 14:43:35.752|W|181354659|lpUCM [scm.c:FDS_scmScanAndVerify:395] tz_qti_config.mbn.gz:36256, find
[m[1;33m1970-01-01 14:43:35.752|W|181354659|lpUCM [scm.c:FDS_scmScanAndVerify:395] uefi.elf.gz:1072469, find
[m[1;33m1970-01-01 14:43:35.760|W|181354659|lpUCM [scm.c:FDS_scmScanAndVerify:395] uefi_dtbs.elf.gz:43231, find
[m[1;33m1970-01-01 14:43:35.760|W|181354659|lpUCM [scm.c:FDS_scmScanAndVerify:395] xbl_ac_config.mbn.gz:10339, find
[m[1;33m1970-01-01 14:43:35.760|W|181354659|lpUCM [scm.c:FDS_scmScanAndVerify:395] xbl_config.elf.gz:68508, find
[m[1;33m1970-01-01 14:43:35.761|W|181354659|lpUCM [scm.c:FDS_scmScanAndVerify:395] xbl_ramdump.elf.gz:234437, find
[m[1;33m1970-01-01 14:43:35.762|W|181354659|lpUCM [scm.c:FDS_scmScanAndVerify:395] xbl_sc.elf.gz:524423, find
[m[1;33m1970-01-01 14:43:35.766|W|181354659|lpUCM [scm.c:FDS_scmScanAndVerify:388] cpio end !!!
[m[1;33m1970-01-01 14:43:35.766|W|181354659|lpUCM [1] fname: abl.elf.gz
[m[1;33m1970-01-01 14:43:35.766|W|181354659|lpUCM 	provided: 1, compress:2
[m[1;33m1970-01-01 14:43:35.766|W|181354659|lpUCM 	offset: 23792712,size:124175
[m[1;33m1970-01-01 14:43:35.766|W|181354659|lpUCM 	checksum: 0
[m[1;33m1970-01-01 14:43:35.766|W|181354659|lpUCM 	handlerName: raw
[m[1;33m1970-01-01 14:43:35.766|W|181354659|lpUCM 	installedPath: /
[m[1;33m1970-01-01 14:43:35.766|W|181354659|lpUCM seek: 0 splits: 0 
[m[1;33m1970-01-01 14:43:35.766|W|181354659|lpUCM 
[m[1;33m1970-01-01 14:43:35.766|W|181354659|lpUCM [2] fname: system.img.gz
[m[1;33m1970-01-01 14:43:35.766|W|181354659|lpUCM 	provided: 1, compress:2
[m[1;33m1970-01-01 14:43:35.766|W|181354659|lpUCM 	offset: 872770888,size:64178654
[m[1;33m1970-01-01 14:43:35.766|W|181354659|lpUCM 	checksum: 0
[m[1;33m1970-01-01 14:43:35.766|W|181354659|lpUCM 	handlerName: raw
[m[1;33m1970-01-01 14:43:35.766|W|181354659|lpUCM 	installedPath: /
[m[1;33m1970-01-01 14:43:35.766|W|181354659|lpUCM seek: 0 splits: 0 
[m[1;33m1970-01-01 14:43:35.766|W|181354659|lpUCM 
[m[1;33m1970-01-01 14:43:35.766|W|181354659|lpUCM [3] fname: ifs2.img.gz
[m[1;33m1970-01-01 14:43:35.766|W|181354659|lpUCM 	provided: 1, compress:2
[m[1;33m1970-01-01 14:43:35.766|W|181354659|lpUCM 	offset: 112535648,size:65235358
[m[1;33m1970-01-01 14:43:35.766|W|181354659|lpUCM 	checksum: 0
[m[1;33m1970-01-01 14:43:35.766|W|181354659|lpUCM 	handlerName: raw
[m[1;33m1970-01-01 14:43:35.766|W|181354659|lpUCM 	installedPath: /
[m[1;33m1970-01-01 14:43:35.766|W|181354659|lpUCM seek: 0 splits: 0 
[m[1;33m1970-01-01 14:43:35.766|W|181354659|lpUCM 
[m[1;33m1970-01-01 14:43:35.766|W|181354659|lpUCM [4] fname: hconfig_qdrive.elf.gz
[m[1;33m1970-01-01 14:43:35.766|W|181354659|lpUCM 	provided: 1, compress:2
[m[1;33m1970-01-01 14:43:35.766|W|181354659|lpUCM 	offset: 112064104,size:459039
[m[1;33m1970-01-01 14:43:35.766|W|181354659|lpUCM 	checksum: 0
[m[1;33m1970-01-01 14:43:35.766|W|181354659|lpUCM 	handlerName: raw
[m[1;33m1970-01-01 14:43:35.766|W|181354659|lpUCM 	installedPath: /
[m[1;33m1970-01-01 14:43:35.766|W|181354659|lpUCM seek: 0 splits: 0 
[m[1;33m1970-01-01 14:43:35.766|W|181354659|lpUCM 
[m[1;33m1970-01-01 14:43:35.766|W|181354659|lpUCM [5] fname: oem_00.img.gz
[m[1;33m1970-01-01 14:43:35.766|W|181354659|lpUCM 	provided: 1, compress:2
[m[1;33m1970-01-01 14:43:35.766|W|181354659|lpUCM 	offset: 184866256,size:680547473
[m[1;33m1970-01-01 14:43:35.766|W|181354659|lpUCM 	checksum: 0
[m[1;33m1970-01-01 14:43:35.766|W|181354659|lpUCM 	handlerName: raw
[m[1;33m1970-01-01 14:43:35.766|W|181354659|lpUCM 	installedPath: /
[m[1;33m1970-01-01 14:43:35.766|W|181354659|lpUCM seek: 0 splits: 0 
[m[1;33m1970-01-01 14:43:35.766|W|181354659|lpUCM 
[m[1;33m1970-01-01 14:43:35.766|W|181354659|lpUCM [6] fname: oem_01.img.gz
[m[1;33m1970-01-01 14:43:35.766|W|181354659|lpUCM 	provided: 1, compress:2
[m[1;33m1970-01-01 14:43:35.766|W|181354659|lpUCM 	offset: 865413856,size:4168186
[m[1;33m1970-01-01 14:43:35.766|W|181354659|lpUCM 	checksum: 0
[m[1;33m1970-01-01 14:43:35.766|W|181354659|lpUCM 	handlerName: raw
[m[1;33m1970-01-01 14:43:35.766|W|181354659|lpUCM 	installedPath: /
[m[1;33m1970-01-01 14:43:35.766|W|181354659|lpUCM seek: 4294967296 splits: 0 
[m[1;33m1970-01-01 14:43:35.766|W|181354659|lpUCM 
[m[1;33m1970-01-01 14:43:35.766|W|181354659|lpUCM [7] fname: oem_02.img.gz
[m[1;33m1970-01-01 14:43:35.766|W|181354659|lpUCM 	provided: 1, compress:2
[m[1;33m1970-01-01 14:43:35.766|W|181354659|lpUCM 	offset: 869582168,size:2084255
[m[1;33m1970-01-01 14:43:35.766|W|181354659|lpUCM 	checksum: 0
[m[1;33m1970-01-01 14:43:35.766|W|181354659|lpUCM 	handlerName: raw
[m[1;33m1970-01-01 14:43:35.766|W|181354659|lpUCM 	installedPath: /
[m[1;33m1970-01-01 14:43:35.766|W|181354659|lpUCM seek: 8589934592 splits: 0 
[m[1;33m1970-01-01 14:43:35.766|W|181354659|lpUCM 
[m[1;33m1970-01-01 14:43:35.766|W|181354659|lpUCM [8] fname: xbl_sc.elf.gz
[m[1;33m1970-01-01 14:43:35.766|W|181354659|lpUCM 	provided: 1, compress:2
[m[1;33m1970-01-01 14:43:35.766|W|181354659|lpUCM 	offset: 940076620,size:524423
[m[1;33m1970-01-01 14:43:35.766|W|181354659|lpUCM 	checksum: 0
[m[1;33m1970-01-01 14:43:35.766|W|181354659|lpUCM 	handlerName: raw
[m[1;33m1970-01-01 14:43:35.766|W|181354659|lpUCM 	installedPath: /
[m[1;33m1970-01-01 14:43:35.766|W|181354659|lpUCM seek: 0 splits: 0 
[m[1;33m1970-01-01 14:43:35.766|W|181354659|lpUCM 
[m[1;33m1970-01-01 14:43:35.766|W|181354659|lpUCM [9] fname: sequencer_ram.elf.gz
[m[1;33m1970-01-01 14:43:35.766|W|181354659|lpUCM 	provided: 1, compress:2
[m[1;33m1970-01-01 14:43:35.766|W|181354659|lpUCM 	offset: 872424916,size:750
[m[1;33m1970-01-01 14:43:35.766|W|181354659|lpUCM 	checksum: 0
[m[1;33m1970-01-01 14:43:35.766|W|181354659|lpUCM 	handlerName: raw
[m[1;33m1970-01-01 14:43:35.766|W|181354659|lpUCM 	installedPath: /
[m[1;33m1970-01-01 14:43:35.766|W|181354659|lpUCM seek: 0 splits: 0 
[m[1;33m1970-01-01 14:43:35.766|W|181354659|lpUCM 
[m[1;33m1970-01-01 14:43:35.766|W|181354659|lpUCM [10] fname: signed_firmware_soc_view.elf.gz
[m[1;33m1970-01-01 14:43:35.766|W|181354659|lpUCM 	provided: 1, compress:2
[m[1;33m1970-01-01 14:43:35.766|W|181354659|lpUCM 	offset: 872510820,size:166425
[m[1;33m1970-01-01 14:43:35.766|W|181354659|lpUCM 	checksum: 0
[m[1;33m1970-01-01 14:43:35.766|W|181354659|lpUCM 	handlerName: raw
[m[1;33m1970-01-01 14:43:35.766|W|181354659|lpUCM 	installedPath: /
[m[1;33m1970-01-01 14:43:35.766|W|181354659|lpUCM seek: 0 splits: 0 
[m[1;33m1970-01-01 14:43:35.766|W|181354659|lpUCM 
[m[1;33m1970-01-01 14:43:35.766|W|181354659|lpUCM [11] fname: tme_config.elf.gz
[m[1;33m1970-01-01 14:43:35.766|W|181354659|lpUCM 	provided: 1, compress:2
[m[1;33m1970-01-01 14:43:35.766|W|181354659|lpUCM 	offset: 936949672,size:9817
[m[1;33m1970-01-01 14:43:35.766|W|181354659|lpUCM 	checksum: 0
[m[1;33m1970-01-01 14:43:35.766|W|181354659|lpUCM 	handlerName: raw
[m[1;33m1970-01-01 14:43:35.766|W|181354659|lpUCM 	installedPath: /
[m[1;33m1970-01-01 14:43:35.766|W|181354659|lpUCM seek: 0 splits: 0 
[m[1;33m1970-01-01 14:43:35.766|W|181354659|lpUCM 
[m[1;33m1970-01-01 14:43:35.766|W|181354659|lpUCM [12] fname: oem_misc.mbn.gz
[m[1;33m1970-01-01 14:43:35.766|W|181354659|lpUCM 	provided: 1, compress:2
[m[1;33m1970-01-01 14:43:35.766|W|181354659|lpUCM 	offset: 871666552,size:3010
[m[1;33m1970-01-01 14:43:35.766|W|181354659|lpUCM 	checksum: 0
[m[1;33m1970-01-01 14:43:35.766|W|181354659|lpUCM 	handlerName: raw
[m[1;33m1970-01-01 14:43:35.766|W|181354659|lpUCM 	installedPath: /
[m[1;33m1970-01-01 14:43:35.766|W|181354659|lpUCM seek: 0 splits: 0 
[m[1;33m1970-01-01 14:43:35.766|W|181354659|lpUCM 
[m[1;33m1970-01-01 14:43:35.766|W|181354659|lpUCM [13] fname: qti_misc.mbn.gz
[m[1;33m1970-01-01 14:43:35.766|W|181354659|lpUCM 	provided: 1, compress:2
[m[1;33m1970-01-01 14:43:35.766|W|181354659|lpUCM 	offset: 871760396,size:2304
[m[1;33m1970-01-01 14:43:35.766|W|181354659|lpUCM 	checksum: 0
[m[1;33m1970-01-01 14:43:35.766|W|181354659|lpUCM 	handlerName: raw
[m[1;33m1970-01-01 14:43:35.766|W|181354659|lpUCM 	installedPath: /
[m[1;33m1970-01-01 14:43:35.766|W|181354659|lpUCM seek: 0 splits: 0 
[m[1;33m1970-01-01 14:43:35.766|W|181354659|lpUCM 
[m[1;33m1970-01-01 14:43:35.766|W|181354659|lpUCM [14] fname: xbl_config.elf.gz
[m[1;33m1970-01-01 14:43:35.766|W|181354659|lpUCM 	provided: 1, compress:2
[m[1;33m1970-01-01 14:43:35.766|W|181354659|lpUCM 	offset: 939773416,size:68508
[m[1;33m1970-01-01 14:43:35.766|W|181354659|lpUCM 	checksum: 0
[m[1;33m1970-01-01 14:43:35.766|W|181354659|lpUCM 	handlerName: raw
[m[1;33m1970-01-01 14:43:35.766|W|181354659|lpUCM 	installedPath: /
[m[1;33m1970-01-01 14:43:35.766|W|181354659|lpUCM seek: 0 splits: 0 
[m[1;33m1970-01-01 14:43:35.766|W|181354659|lpUCM 
[m[1;33m1970-01-01 14:43:35.766|W|181354659|lpUCM [15] fname: xbl_ac_config.mbn.gz
[m[1;33m1970-01-01 14:43:35.766|W|181354659|lpUCM 	provided: 1, compress:2
[m[1;33m1970-01-01 14:43:35.766|W|181354659|lpUCM 	offset: 939762948,size:10339
[m[1;33m1970-01-01 14:43:35.766|W|181354659|lpUCM 	checksum: 0
[m[1;33m1970-01-01 14:43:35.766|W|181354659|lpUCM 	handlerName: raw
[m[1;33m1970-01-01 14:43:35.766|W|181354659|lpUCM 	installedPath: /
[m[1;33m1970-01-01 14:43:35.766|W|181354659|lpUCM seek: 0 splits: 0 
[m[1;33m1970-01-01 14:43:35.766|W|181354659|lpUCM 
[m[1;33m1970-01-01 14:43:35.766|W|181354659|lpUCM [16] fname: aop.mbn.gz
[m[1;33m1970-01-01 14:43:35.766|W|181354659|lpUCM 	provided: 1, compress:2
[m[1;33m1970-01-01 14:43:35.766|W|181354659|lpUCM 	offset: 28914364,size:120001
[m[1;33m1970-01-01 14:43:35.766|W|181354659|lpUCM 	checksum: 0
[m[1;33m1970-01-01 14:43:35.766|W|181354659|lpUCM 	handlerName: raw
[m[1;33m1970-01-01 14:43:35.766|W|181354659|lpUCM 	installedPath: /
[m[1;33m1970-01-01 14:43:35.766|W|181354659|lpUCM seek: 0 splits: 0 
[m[1;33m1970-01-01 14:43:35.766|W|181354659|lpUCM 
[m[1;33m1970-01-01 14:43:35.766|W|181354659|lpUCM [17] fname: aop_devcfg.mbn.gz
[m[1;33m1970-01-01 14:43:35.766|W|181354659|lpUCM 	provided: 1, compress:2
[m[1;33m1970-01-01 14:43:35.766|W|181354659|lpUCM 	offset: 29034496,size:4185
[m[1;33m1970-01-01 14:43:35.766|W|181354659|lpUCM 	checksum: 0
[m[1;33m1970-01-01 14:43:35.766|W|181354659|lpUCM 	handlerName: raw
[m[1;33m1970-01-01 14:43:35.766|W|181354659|lpUCM 	installedPath: /
[m[1;33m1970-01-01 14:43:35.766|W|181354659|lpUCM seek: 0 splits: 0 
[m[1;33m1970-01-01 14:43:35.766|W|181354659|lpUCM 
[m[1;33m1970-01-01 14:43:35.766|W|181354659|lpUCM [18] fname: tz.mbn.gz
[m[1;33m1970-01-01 14:43:35.766|W|181354659|lpUCM 	provided: 1, compress:2
[m[1;33m1970-01-01 14:43:35.766|W|181354659|lpUCM 	offset: 936959612,size:1630953
[m[1;33m1970-01-01 14:43:35.766|W|181354659|lpUCM 	checksum: 0
[m[1;33m1970-01-01 14:43:35.766|W|181354659|lpUCM 	handlerName: raw
[m[1;33m1970-01-01 14:43:35.766|W|181354659|lpUCM 	installedPath: /
[m[1;33m1970-01-01 14:43:35.766|W|181354659|lpUCM seek: 0 splits: 0 
[m[1;33m1970-01-01 14:43:35.766|W|181354659|lpUCM 
[m[1;33m1970-01-01 14:43:35.766|W|181354659|lpUCM [19] fname: mifs_hyp.img.gz
[m[1;33m1970-01-01 14:43:35.766|W|181354659|lpUCM 	provided: 1, compress:2
[m[1;33m1970-01-01 14:43:35.766|W|181354659|lpUCM 	offset: 177773456,size:7092674
[m[1;33m1970-01-01 14:43:35.766|W|181354659|lpUCM 	checksum: 0
[m[1;33m1970-01-01 14:43:35.766|W|181354659|lpUCM 	handlerName: raw
[m[1;33m1970-01-01 14:43:35.766|W|181354659|lpUCM 	installedPath: /
[m[1;33m1970-01-01 14:43:35.766|W|181354659|lpUCM seek: 0 splits: 0 
[m[1;33m1970-01-01 14:43:35.766|W|181354659|lpUCM 
[m[1;33m1970-01-01 14:43:35.766|W|181354659|lpUCM [20] fname: devcfg_auto.mbn.gz
[m[1;33m1970-01-01 14:43:35.766|W|181354659|lpUCM 	provided: 1, compress:2
[m[1;33m1970-01-01 14:43:35.766|W|181354659|lpUCM 	offset: 35776084,size:23233
[m[1;33m1970-01-01 14:43:35.766|W|181354659|lpUCM 	checksum: 0
[m[1;33m1970-01-01 14:43:35.766|W|181354659|lpUCM 	handlerName: raw
[m[1;33m1970-01-01 14:43:35.766|W|181354659|lpUCM 	installedPath: /
[m[1;33m1970-01-01 14:43:35.766|W|181354659|lpUCM seek: 0 splits: 0 
[m[1;33m1970-01-01 14:43:35.766|W|181354659|lpUCM 
[m[1;33m1970-01-01 14:43:35.766|W|181354659|lpUCM [21] fname: tz_qti_config.mbn.gz
[m[1;33m1970-01-01 14:43:35.766|W|181354659|lpUCM 	provided: 1, compress:2
[m[1;33m1970-01-01 14:43:35.766|W|181354659|lpUCM 	offset: 938610604,size:36256
[m[1;33m1970-01-01 14:43:35.766|W|181354659|lpUCM 	checksum: 0
[m[1;33m1970-01-01 14:43:35.766|W|181354659|lpUCM 	handlerName: raw
[m[1;33m1970-01-01 14:43:35.766|W|181354659|lpUCM 	installedPath: /
[m[1;33m1970-01-01 14:43:35.766|W|181354659|lpUCM seek: 0 splits: 0 
[m[1;33m1970-01-01 14:43:35.766|W|181354659|lpUCM 
[m[1;33m1970-01-01 14:43:35.766|W|181354659|lpUCM [22] fname: cpucp.elf.gz
[m[1;33m1970-01-01 14:43:35.766|W|181354659|lpUCM 	provided: 1, compress:2
[m[1;33m1970-01-01 14:43:35.766|W|181354659|lpUCM 	offset: 35682160,size:88395
[m[1;33m1970-01-01 14:43:35.766|W|181354659|lpUCM 	checksum: 0
[m[1;33m1970-01-01 14:43:35.766|W|181354659|lpUCM 	handlerName: raw
[m[1;33m1970-01-01 14:43:35.766|W|181354659|lpUCM 	installedPath: /
[m[1;33m1970-01-01 14:43:35.766|W|181354659|lpUCM seek: 0 splits: 0 
[m[1;33m1970-01-01 14:43:35.766|W|181354659|lpUCM 
[m[1;33m1970-01-01 14:43:35.766|W|181354659|lpUCM [23] fname: cpucp_dtbs.elf.gz
[m[1;33m1970-01-01 14:43:35.766|W|181354659|lpUCM 	provided: 1, compress:2
[m[1;33m1970-01-01 14:43:35.766|W|181354659|lpUCM 	offset: 35770684,size:1807
[m[1;33m1970-01-01 14:43:35.766|W|181354659|lpUCM 	checksum: 0
[m[1;33m1970-01-01 14:43:35.766|W|181354659|lpUCM 	handlerName: raw
[m[1;33m1970-01-01 14:43:35.766|W|181354659|lpUCM 	installedPath: /
[m[1;33m1970-01-01 14:43:35.766|W|181354659|lpUCM seek: 0 splits: 0 
[m[1;33m1970-01-01 14:43:35.766|W|181354659|lpUCM 
[m[1;33m1970-01-01 14:43:35.766|W|181354659|lpUCM [24] fname: shrm.elf.gz
[m[1;33m1970-01-01 14:43:35.766|W|181354659|lpUCM 	provided: 1, compress:2
[m[1;33m1970-01-01 14:43:35.766|W|181354659|lpUCM 	offset: 872425792,size:84883
[m[1;33m1970-01-01 14:43:35.766|W|181354659|lpUCM 	checksum: 0
[m[1;33m1970-01-01 14:43:35.766|W|181354659|lpUCM 	handlerName: raw
[m[1;33m1970-01-01 14:43:35.766|W|181354659|lpUCM 	installedPath: /
[m[1;33m1970-01-01 14:43:35.766|W|181354659|lpUCM seek: 0 splits: 0 
[m[1;33m1970-01-01 14:43:35.766|W|181354659|lpUCM 
[m[1;33m1970-01-01 14:43:35.766|W|181354659|lpUCM [25] fname: ddr_lcp.elf.gz
[m[1;33m1970-01-01 14:43:35.766|W|181354659|lpUCM 	provided: 1, compress:2
[m[1;33m1970-01-01 14:43:35.766|W|181354659|lpUCM 	offset: 35775908,size:41
[m[1;33m1970-01-01 14:43:35.766|W|181354659|lpUCM 	checksum: 0
[m[1;33m1970-01-01 14:43:35.766|W|181354659|lpUCM 	handlerName: raw
[m[1;33m1970-01-01 14:43:35.766|W|181354659|lpUCM 	installedPath: /
[m[1;33m1970-01-01 14:43:35.766|W|181354659|lpUCM seek: 0 splits: 0 
[m[1;33m1970-01-01 14:43:35.766|W|181354659|lpUCM 
[m[1;33m1970-01-01 14:43:35.766|W|181354659|lpUCM [26] fname: soccp.mbn.gz
[m[1;33m1970-01-01 14:43:35.766|W|181354659|lpUCM 	provided: 1, compress:2
[m[1;33m1970-01-01 14:43:35.766|W|181354659|lpUCM 	offset: 872677372,size:93389
[m[1;33m1970-01-01 14:43:35.766|W|181354659|lpUCM 	checksum: 0
[m[1;33m1970-01-01 14:43:35.766|W|181354659|lpUCM 	handlerName: raw
[m[1;33m1970-01-01 14:43:35.766|W|181354659|lpUCM 	installedPath: /
[m[1;33m1970-01-01 14:43:35.766|W|181354659|lpUCM seek: 0 splits: 0 
[m[1;33m1970-01-01 14:43:35.766|W|181354659|lpUCM 
[m[1;33m1970-01-01 14:43:35.766|W|181354659|lpUCM [27] fname: sdi.mbn.gz
[m[1;33m1970-01-01 14:43:35.766|W|181354659|lpUCM 	provided: 1, compress:2
[m[1;33m1970-01-01 14:43:35.766|W|181354659|lpUCM 	offset: 872401304,size:23479
[m[1;33m1970-01-01 14:43:35.766|W|181354659|lpUCM 	checksum: 0
[m[1;33m1970-01-01 14:43:35.766|W|181354659|lpUCM 	handlerName: raw
[m[1;33m1970-01-01 14:43:35.766|W|181354659|lpUCM 	installedPath: /
[m[1;33m1970-01-01 14:43:35.766|W|181354659|lpUCM seek: 0 splits: 0 
[m[1;33m1970-01-01 14:43:35.766|W|181354659|lpUCM 
[m[1;33m1970-01-01 14:43:35.766|W|181354659|lpUCM [28] fname: dcd.mbn.gz
[m[1;33m1970-01-01 14:43:35.766|W|181354659|lpUCM 	provided: 1, compress:2
[m[1;33m1970-01-01 14:43:35.766|W|181354659|lpUCM 	offset: 35772616,size:3161
[m[1;33m1970-01-01 14:43:35.766|W|181354659|lpUCM 	checksum: 0
[m[1;33m1970-01-01 14:43:35.766|W|181354659|lpUCM 	handlerName: raw
[m[1;33m1970-01-01 14:43:35.766|W|181354659|lpUCM 	installedPath: /
[m[1;33m1970-01-01 14:43:35.766|W|181354659|lpUCM seek: 0 splits: 0 
[m[1;33m1970-01-01 14:43:35.766|W|181354659|lpUCM 
[m[1;33m1970-01-01 14:43:35.766|W|181354659|lpUCM [29] fname: uefi.elf.gz
[m[1;33m1970-01-01 14:43:35.766|W|181354659|lpUCM 	provided: 1, compress:2
[m[1;33m1970-01-01 14:43:35.766|W|181354659|lpUCM 	offset: 938646984,size:1072469
[m[1;33m1970-01-01 14:43:35.766|W|181354659|lpUCM 	checksum: 0
[m[1;33m1970-01-01 14:43:35.766|W|181354659|lpUCM 	handlerName: raw
[m[1;33m1970-01-01 14:43:35.766|W|181354659|lpUCM 	installedPath: /
[m[1;33m1970-01-01 14:43:35.766|W|181354659|lpUCM seek: 0 splits: 0 
[m[1;33m1970-01-01 14:43:35.766|W|181354659|lpUCM 
[m[1;33m1970-01-01 14:43:35.766|W|181354659|lpUCM [30] fname: uefi_dtbs.elf.gz
[m[1;33m1970-01-01 14:43:35.766|W|181354659|lpUCM 	provided: 1, compress:2
[m[1;33m1970-01-01 14:43:35.766|W|181354659|lpUCM 	offset: 939719584,size:43231
[m[1;33m1970-01-01 14:43:35.766|W|181354659|lpUCM 	checksum: 0
[m[1;33m1970-01-01 14:43:35.766|W|181354659|lpUCM 	handlerName: raw
[m[1;33m1970-01-01 14:43:35.766|W|181354659|lpUCM 	installedPath: /
[m[1;33m1970-01-01 14:43:35.766|W|181354659|lpUCM seek: 0 splits: 0 
[m[1;33m1970-01-01 14:43:35.766|W|181354659|lpUCM 
[m[1;33m1970-01-01 14:43:35.766|W|181354659|lpUCM [31] fname: gearvm.mbn.gz
[m[1;33m1970-01-01 14:43:35.766|W|181354659|lpUCM 	provided: 1, compress:2
[m[1;33m1970-01-01 14:43:35.766|W|181354659|lpUCM 	offset: 111750336,size:313635
[m[1;33m1970-01-01 14:43:35.766|W|181354659|lpUCM 	checksum: 0
[m[1;33m1970-01-01 14:43:35.766|W|181354659|lpUCM 	handlerName: raw
[m[1;33m1970-01-01 14:43:35.766|W|181354659|lpUCM 	installedPath: /
[m[1;33m1970-01-01 14:43:35.766|W|181354659|lpUCM seek: 0 splits: 0 
[m[1;33m1970-01-01 14:43:35.766|W|181354659|lpUCM 
[m[1;33m1970-01-01 14:43:35.766|W|181354659|lpUCM [32] fname: pdp.elf.gz
[m[1;33m1970-01-01 14:43:35.766|W|181354659|lpUCM 	provided: 1, compress:2
[m[1;33m1970-01-01 14:43:35.766|W|181354659|lpUCM 	offset: 871669688,size:88846
[m[1;33m1970-01-01 14:43:35.766|W|181354659|lpUCM 	checksum: 0
[m[1;33m1970-01-01 14:43:35.766|W|181354659|lpUCM 	handlerName: raw
[m[1;33m1970-01-01 14:43:35.766|W|181354659|lpUCM 	installedPath: /
[m[1;33m1970-01-01 14:43:35.766|W|181354659|lpUCM seek: 0 splits: 0 
[m[1;33m1970-01-01 14:43:35.766|W|181354659|lpUCM 
[m[1;33m1970-01-01 14:43:35.766|W|181354659|lpUCM [33] fname: pdp_cdb.elf.gz
[m[1;33m1970-01-01 14:43:35.766|W|181354659|lpUCM 	provided: 1, compress:2
[m[1;33m1970-01-01 14:43:35.766|W|181354659|lpUCM 	offset: 871758664,size:1602
[m[1;33m1970-01-01 14:43:35.766|W|181354659|lpUCM 	checksum: 0
[m[1;33m1970-01-01 14:43:35.766|W|181354659|lpUCM 	handlerName: raw
[m[1;33m1970-01-01 14:43:35.766|W|181354659|lpUCM 	installedPath: /
[m[1;33m1970-01-01 14:43:35.766|W|181354659|lpUCM seek: 0 splits: 0 
[m[1;33m1970-01-01 14:43:35.766|W|181354659|lpUCM 
[m[1;33m1970-01-01 14:43:35.766|W|181354659|lpUCM [34] fname: xbl_ramdump.elf.gz
[m[1;33m1970-01-01 14:43:35.766|W|181354659|lpUCM 	provided: 1, compress:2
[m[1;33m1970-01-01 14:43:35.766|W|181354659|lpUCM 	offset: 939842056,size:234437
[m[1;33m1970-01-01 14:43:35.766|W|181354659|lpUCM 	checksum: 0
[m[1;33m1970-01-01 14:43:35.766|W|181354659|lpUCM 	handlerName: raw
[m[1;33m1970-01-01 14:43:35.766|W|181354659|lpUCM 	installedPath: /
[m[1;33m1970-01-01 14:43:35.766|W|181354659|lpUCM seek: 0 splits: 0 
[m[1;33m1970-01-01 14:43:35.766|W|181354659|lpUCM 
[m[1;33m1970-01-01 14:43:35.766|W|181354659|lpUCM [35] fname: NON-HLOS.bin.gz
[m[1;33m1970-01-01 14:43:35.766|W|181354659|lpUCM 	provided: 1, compress:2
[m[1;33m1970-01-01 14:43:35.766|W|181354659|lpUCM 	offset: 22032,size:23770554
[m[1;33m1970-01-01 14:43:35.766|W|181354659|lpUCM 	checksum: 0
[m[1;33m1970-01-01 14:43:35.766|W|181354659|lpUCM 	handlerName: raw
[m[1;33m1970-01-01 14:43:35.766|W|181354659|lpUCM 	installedPath: /
[m[1;33m1970-01-01 14:43:35.766|W|181354659|lpUCM seek: 0 splits: 0 
[m[1;33m1970-01-01 14:43:35.766|W|181354659|lpUCM 
[m[1;33m1970-01-01 14:43:35.766|W|181354659|lpUCM [36] fname: dspso.bin.gz
[m[1;33m1970-01-01 14:43:35.766|W|181354659|lpUCM 	provided: 1, compress:2
[m[1;33m1970-01-01 14:43:35.766|W|181354659|lpUCM 	offset: 35800644,size:75949568
[m[1;33m1970-01-01 14:43:35.766|W|181354659|lpUCM 	checksum: 0
[m[1;33m1970-01-01 14:43:35.766|W|181354659|lpUCM 	handlerName: raw
[m[1;33m1970-01-01 14:43:35.766|W|181354659|lpUCM 	installedPath: /
[m[1;33m1970-01-01 14:43:35.766|W|181354659|lpUCM seek: 0 splits: 0 
[m[1;33m1970-01-01 14:43:35.766|W|181354659|lpUCM 
[m[1;33m1970-01-01 14:43:35.766|W|181354659|lpUCM [37] fname: qupv3fw.elf.gz
[m[1;33m1970-01-01 14:43:35.766|W|181354659|lpUCM 	provided: 1, compress:2
[m[1;33m1970-01-01 14:43:35.766|W|181354659|lpUCM 	offset: 871762828,size:21460
[m[1;33m1970-01-01 14:43:35.766|W|181354659|lpUCM 	checksum: 0
[m[1;33m1970-01-01 14:43:35.766|W|181354659|lpUCM 	handlerName: raw
[m[1;33m1970-01-01 14:43:35.766|W|181354659|lpUCM 	installedPath: /
[m[1;33m1970-01-01 14:43:35.766|W|181354659|lpUCM seek: 0 splits: 0 
[m[1;33m1970-01-01 14:43:35.766|W|181354659|lpUCM 
[m[1;33m1970-01-01 14:43:35.766|W|181354659|lpUCM [38] fname: audio_cfg.mbn.gz
[m[1;33m1970-01-01 14:43:35.766|W|181354659|lpUCM 	provided: 1, compress:2
[m[1;33m1970-01-01 14:43:35.766|W|181354659|lpUCM 	offset: 29038812,size:1065
[m[1;33m1970-01-01 14:43:35.766|W|181354659|lpUCM 	checksum: 0
[m[1;33m1970-01-01 14:43:35.766|W|181354659|lpUCM 	handlerName: raw
[m[1;33m1970-01-01 14:43:35.766|W|181354659|lpUCM 	installedPath: /
[m[1;33m1970-01-01 14:43:35.766|W|181354659|lpUCM seek: 0 splits: 0 
[m[1;33m1970-01-01 14:43:35.766|W|181354659|lpUCM 
[m[1;33m1970-01-01 14:43:35.766|W|181354659|lpUCM [39] fname: display_cfg.mbn.gz
[m[1;33m1970-01-01 14:43:35.766|W|181354659|lpUCM 	provided: 1, compress:2
[m[1;33m1970-01-01 14:43:35.766|W|181354659|lpUCM 	offset: 35799452,size:1067
[m[1;33m1970-01-01 14:43:35.766|W|181354659|lpUCM 	checksum: 0
[m[1;33m1970-01-01 14:43:35.766|W|181354659|lpUCM 	handlerName: raw
[m[1;33m1970-01-01 14:43:35.766|W|181354659|lpUCM 	installedPath: /
[m[1;33m1970-01-01 14:43:35.766|W|181354659|lpUCM seek: 0 splits: 0 
[m[1;33m1970-01-01 14:43:35.766|W|181354659|lpUCM 
[m[1;33m1970-01-01 14:43:35.766|W|181354659|lpUCM [40] fname: adsp2_computelite_dtbs.elf.gz
[m[1;33m1970-01-01 14:43:35.766|W|181354659|lpUCM 	provided: 1, compress:2
[m[1;33m1970-01-01 14:43:35.766|W|181354659|lpUCM 	offset: 27235884,size:9073
[m[1;33m1970-01-01 14:43:35.766|W|181354659|lpUCM 	checksum: 0
[m[1;33m1970-01-01 14:43:35.766|W|181354659|lpUCM 	handlerName: raw
[m[1;33m1970-01-01 14:43:35.766|W|181354659|lpUCM 	installedPath: /
[m[1;33m1970-01-01 14:43:35.766|W|181354659|lpUCM seek: 0 splits: 0 
[m[1;33m1970-01-01 14:43:35.766|W|181354659|lpUCM 
[m[1;33m1970-01-01 14:43:35.766|W|181354659|lpUCM [41] fname: adsp1_computelite_dtbs.elf.gz
[m[1;33m1970-01-01 14:43:35.766|W|181354659|lpUCM 	provided: 1, compress:2
[m[1;33m1970-01-01 14:43:35.766|W|181354659|lpUCM 	offset: 25571904,size:9082
[m[1;33m1970-01-01 14:43:35.766|W|181354659|lpUCM 	checksum: 0
[m[1;33m1970-01-01 14:43:35.766|W|181354659|lpUCM 	handlerName: raw
[m[1;33m1970-01-01 14:43:35.766|W|181354659|lpUCM 	installedPath: /
[m[1;33m1970-01-01 14:43:35.766|W|181354659|lpUCM seek: 0 splits: 0 
[m[1;33m1970-01-01 14:43:35.766|W|181354659|lpUCM 
[m[1;33m1970-01-01 14:43:35.766|W|181354659|lpUCM [42] fname: adsp_computelite_dtbs.elf.gz
[m[1;33m1970-01-01 14:43:35.766|W|181354659|lpUCM 	provided: 1, compress:2
[m[1;33m1970-01-01 14:43:35.766|W|181354659|lpUCM 	offset: 28904684,size:9556
[m[1;33m1970-01-01 14:43:35.766|W|181354659|lpUCM 	checksum: 0
[m[1;33m1970-01-01 14:43:35.766|W|181354659|lpUCM 	handlerName: raw
[m[1;33m1970-01-01 14:43:35.766|W|181354659|lpUCM 	installedPath: /
[m[1;33m1970-01-01 14:43:35.766|W|181354659|lpUCM seek: 0 splits: 0 
[m[1;33m1970-01-01 14:43:35.766|W|181354659|lpUCM 
[m[1;33m1970-01-01 14:43:35.766|W|181354659|lpUCM [43] fname: adsp2_computelite.mbn.gz
[m[1;33m1970-01-01 14:43:35.766|W|181354659|lpUCM 	provided: 1, compress:2
[m[1;33m1970-01-01 14:43:35.766|W|181354659|lpUCM 	offset: 25581124,size:1654620
[m[1;33m1970-01-01 14:43:35.766|W|181354659|lpUCM 	checksum: 0
[m[1;33m1970-01-01 14:43:35.766|W|181354659|lpUCM 	handlerName: raw
[m[1;33m1970-01-01 14:43:35.766|W|181354659|lpUCM 	installedPath: /
[m[1;33m1970-01-01 14:43:35.766|W|181354659|lpUCM seek: 0 splits: 0 
[m[1;33m1970-01-01 14:43:35.766|W|181354659|lpUCM 
[m[1;33m1970-01-01 14:43:35.766|W|181354659|lpUCM [44] fname: adsp1_computelite.mbn.gz
[m[1;33m1970-01-01 14:43:35.766|W|181354659|lpUCM 	provided: 1, compress:2
[m[1;33m1970-01-01 14:43:35.766|W|181354659|lpUCM 	offset: 23917024,size:1654738
[m[1;33m1970-01-01 14:43:35.766|W|181354659|lpUCM 	checksum: 0
[m[1;33m1970-01-01 14:43:35.766|W|181354659|lpUCM 	handlerName: raw
[m[1;33m1970-01-01 14:43:35.766|W|181354659|lpUCM 	installedPath: /
[m[1;33m1970-01-01 14:43:35.766|W|181354659|lpUCM seek: 0 splits: 0 
[m[1;33m1970-01-01 14:43:35.766|W|181354659|lpUCM 
[m[1;33m1970-01-01 14:43:35.766|W|181354659|lpUCM [45] fname: adsp_computelite.mbn.gz
[m[1;33m1970-01-01 14:43:35.766|W|181354659|lpUCM 	provided: 1, compress:2
[m[1;33m1970-01-01 14:43:35.766|W|181354659|lpUCM 	offset: 27245096,size:1659448
[m[1;33m1970-01-01 14:43:35.766|W|181354659|lpUCM 	checksum: 0
[m[1;33m1970-01-01 14:43:35.766|W|181354659|lpUCM 	handlerName: raw
[m[1;33m1970-01-01 14:43:35.766|W|181354659|lpUCM 	installedPath: /
[m[1;33m1970-01-01 14:43:35.767|W|181354659|lpUCM seek: 0 splits: 0 
[m[1;33m1970-01-01 14:43:35.767|W|181354659|lpUCM 
[m[1;33m1970-01-01 14:43:35.767|W|181354659|lpUCM [46] fname: cdsp3_dtbs.elf.gz
[m[1;33m1970-01-01 14:43:35.767|W|181354659|lpUCM 	provided: 1, compress:2
[m[1;33m1970-01-01 14:43:35.767|W|181354659|lpUCM 	offset: 35664736,size:8595
[m[1;33m1970-01-01 14:43:35.767|W|181354659|lpUCM 	checksum: 0
[m[1;33m1970-01-01 14:43:35.767|W|181354659|lpUCM 	handlerName: raw
[m[1;33m1970-01-01 14:43:35.767|W|181354659|lpUCM 	installedPath: /
[m[1;33m1970-01-01 14:43:35.767|W|181354659|lpUCM seek: 0 splits: 0 
[m[1;33m1970-01-01 14:43:35.767|W|181354659|lpUCM 
[m[1;33m1970-01-01 14:43:35.767|W|181354659|lpUCM [47] fname: cdsp2_dtbs.elf.gz
[m[1;33m1970-01-01 14:43:35.767|W|181354659|lpUCM 	provided: 1, compress:2
[m[1;33m1970-01-01 14:43:35.767|W|181354659|lpUCM 	offset: 34135968,size:8590
[m[1;33m1970-01-01 14:43:35.767|W|181354659|lpUCM 	checksum: 0
[m[1;33m1970-01-01 14:43:35.767|W|181354659|lpUCM 	handlerName: raw
[m[1;33m1970-01-01 14:43:35.767|W|181354659|lpUCM 	installedPath: /
[m[1;33m1970-01-01 14:43:35.767|W|181354659|lpUCM seek: 0 splits: 0 
[m[1;33m1970-01-01 14:43:35.767|W|181354659|lpUCM 
[m[1;33m1970-01-01 14:43:35.767|W|181354659|lpUCM [48] fname: cdsp1_dtbs.elf.gz
[m[1;33m1970-01-01 14:43:35.767|W|181354659|lpUCM 	provided: 1, compress:2
[m[1;33m1970-01-01 14:43:35.767|W|181354659|lpUCM 	offset: 32607100,size:8602
[m[1;33m1970-01-01 14:43:35.767|W|181354659|lpUCM 	checksum: 0
[m[1;33m1970-01-01 14:43:35.767|W|181354659|lpUCM 	handlerName: raw
[m[1;33m1970-01-01 14:43:35.767|W|181354659|lpUCM 	installedPath: /
[m[1;33m1970-01-01 14:43:35.767|W|181354659|lpUCM seek: 0 splits: 0 
[m[1;33m1970-01-01 14:43:35.767|W|181354659|lpUCM 
[m[1;33m1970-01-01 14:43:35.767|W|181354659|lpUCM [49] fname: cdsp_dtbs.elf.gz
[m[1;33m1970-01-01 14:43:35.767|W|181354659|lpUCM 	provided: 1, compress:2
[m[1;33m1970-01-01 14:43:35.767|W|181354659|lpUCM 	offset: 35673460,size:8576
[m[1;33m1970-01-01 14:43:35.767|W|181354659|lpUCM 	checksum: 0
[m[1;33m1970-01-01 14:43:35.767|W|181354659|lpUCM 	handlerName: raw
[m[1;33m1970-01-01 14:43:35.767|W|181354659|lpUCM 	installedPath: /
[m[1;33m1970-01-01 14:43:35.767|W|181354659|lpUCM seek: 0 splits: 0 
[m[1;33m1970-01-01 14:43:35.767|W|181354659|lpUCM 
[m[1;33m1970-01-01 14:43:35.767|W|181354659|lpUCM [50] fname: cdsp3.mbn.gz
[m[1;33m1970-01-01 14:43:35.767|W|181354659|lpUCM 	provided: 1, compress:2
[m[1;33m1970-01-01 14:43:35.767|W|181354659|lpUCM 	offset: 34144684,size:1519922
[m[1;33m1970-01-01 14:43:35.767|W|181354659|lpUCM 	checksum: 0
[m[1;33m1970-01-01 14:43:35.767|W|181354659|lpUCM 	handlerName: raw
[m[1;33m1970-01-01 14:43:35.767|W|181354659|lpUCM 	installedPath: /
[m[1;33m1970-01-01 14:43:35.767|W|181354659|lpUCM seek: 0 splits: 0 
[m[1;33m1970-01-01 14:43:35.767|W|181354659|lpUCM 
[m[1;33m1970-01-01 14:43:35.767|W|181354659|lpUCM [51] fname: cdsp2.mbn.gz
[m[1;33m1970-01-01 14:43:35.767|W|181354659|lpUCM 	provided: 1, compress:2
[m[1;33m1970-01-01 14:43:35.767|W|181354659|lpUCM 	offset: 32615828,size:1520011
[m[1;33m1970-01-01 14:43:35.767|W|181354659|lpUCM 	checksum: 0
[m[1;33m1970-01-01 14:43:35.767|W|181354659|lpUCM 	handlerName: raw
[m[1;33m1970-01-01 14:43:35.767|W|181354659|lpUCM 	installedPath: /
[m[1;33m1970-01-01 14:43:35.767|W|181354659|lpUCM seek: 0 splits: 0 
[m[1;33m1970-01-01 14:43:35.767|W|181354659|lpUCM 
[m[1;33m1970-01-01 14:43:35.767|W|181354659|lpUCM [52] fname: cdsp1.mbn.gz
[m[1;33m1970-01-01 14:43:35.767|W|181354659|lpUCM 	provided: 1, compress:2
[m[1;33m1970-01-01 14:43:35.767|W|181354659|lpUCM 	offset: 31086916,size:1520055
[m[1;33m1970-01-01 14:43:35.767|W|181354659|lpUCM 	checksum: 0
[m[1;33m1970-01-01 14:43:35.767|W|181354659|lpUCM 	handlerName: raw
[m[1;33m1970-01-01 14:43:35.767|W|181354659|lpUCM 	installedPath: /
[m[1;33m1970-01-01 14:43:35.767|W|181354659|lpUCM seek: 0 splits: 0 
[m[1;33m1970-01-01 14:43:35.767|W|181354659|lpUCM 
[m[1;33m1970-01-01 14:43:35.767|W|181354659|lpUCM [53] fname: cdsp.mbn.gz
[m[1;33m1970-01-01 14:43:35.767|W|181354659|lpUCM 	provided: 1, compress:2
[m[1;33m1970-01-01 14:43:35.767|W|181354659|lpUCM 	offset: 29566152,size:1520640
[m[1;33m1970-01-01 14:43:35.767|W|181354659|lpUCM 	checksum: 0
[m[1;33m1970-01-01 14:43:35.767|W|181354659|lpUCM 	handlerName: raw
[m[1;33m1970-01-01 14:43:35.767|W|181354659|lpUCM 	installedPath: /
[m[1;33m1970-01-01 14:43:35.767|W|181354659|lpUCM seek: 0 splits: 0 
[m[1;33m1970-01-01 14:43:35.767|W|181354659|lpUCM 
[m[1;33m1970-01-01 14:43:35.767|W|181354659|lpUCM [54] fname: license.bin.gz
[m[1;33m1970-01-01 14:43:35.767|W|181354659|lpUCM 	provided: 1, compress:2
[m[1;33m1970-01-01 14:43:35.767|W|181354659|lpUCM 	offset: 177771136,size:2190
[m[1;33m1970-01-01 14:43:35.767|W|181354659|lpUCM 	checksum: 0
[m[1;33m1970-01-01 14:43:35.767|W|181354659|lpUCM 	handlerName: raw
[m[1;33m1970-01-01 14:43:35.767|W|181354659|lpUCM 	installedPath: /
[m[1;33m1970-01-01 14:43:35.767|W|181354659|lpUCM seek: 0 splits: 0 
[m[1;33m1970-01-01 14:43:35.767|W|181354659|lpUCM 
[m[1;33m1970-01-01 14:43:35.767|W|181354659|lpUCM [55] fname: tz_ac_config.mbn.gz
[m[1;33m1970-01-01 14:43:35.767|W|181354659|lpUCM 	provided: 1, compress:2
[m[1;33m1970-01-01 14:43:35.767|W|181354659|lpUCM 	offset: 938590700,size:19770
[m[1;33m1970-01-01 14:43:35.767|W|181354659|lpUCM 	checksum: 0
[m[1;33m1970-01-01 14:43:35.767|W|181354659|lpUCM 	handlerName: raw
[m[1;33m1970-01-01 14:43:35.767|W|181354659|lpUCM 	installedPath: /
[m[1;33m1970-01-01 14:43:35.767|W|181354659|lpUCM seek: 0 splits: 0 
[m[1;33m1970-01-01 14:43:35.767|W|181354659|lpUCM 
[m[1;33m1970-01-01 14:43:35.767|W|181354659|lpUCM [56] fname: hyp_ac_config.mbn.gz
[m[1;33m1970-01-01 14:43:35.767|W|181354659|lpUCM 	provided: 1, compress:2
[m[1;33m1970-01-01 14:43:35.767|W|181354659|lpUCM 	offset: 112523276,size:12245
[m[1;33m1970-01-01 14:43:35.767|W|181354659|lpUCM 	checksum: 0
[m[1;33m1970-01-01 14:43:35.767|W|181354659|lpUCM 	handlerName: raw
[m[1;33m1970-01-01 14:43:35.767|W|181354659|lpUCM 	installedPath: /
[m[1;33m1970-01-01 14:43:35.767|W|181354659|lpUCM seek: 0 splits: 0 
[m[1;33m1970-01-01 14:43:35.767|W|181354659|lpUCM 
[m[1;33m1970-01-01 14:43:35.767|W|181354659|lpUCM [57] fname: autosarsailsw1.elf
[m[1;33m1970-01-01 14:43:35.767|W|181354659|lpUCM 	provided: 1, compress:0
[m[1;33m1970-01-01 14:43:35.767|W|181354659|lpUCM 	offset: 29040012,size:526016
[m[1;33m1970-01-01 14:43:35.767|W|181354659|lpUCM 	checksum: 0
[m[1;33m1970-01-01 14:43:35.767|W|181354659|lpUCM 	handlerName: sail_sw
[m[1;33m1970-01-01 14:43:35.767|W|181354659|lpUCM 	installedPath: /opt/data/fota/
[m[1;33m1970-01-01 14:43:35.767|W|181354659|lpUCM seek: 0 splits: 0 
[m[1;33m1970-01-01 14:43:35.767|W|181354659|lpUCM 
[m[1;33m1970-01-01 14:43:35.767|W|181354659|lpUCM [58] fname: sailhyp.elf
[m[1;33m1970-01-01 14:43:35.767|W|181354659|lpUCM 	provided: 1, compress:0
[m[1;33m1970-01-01 14:43:35.767|W|181354659|lpUCM 	offset: 871784412,size:616768
[m[1;33m1970-01-01 14:43:35.767|W|181354659|lpUCM 	checksum: 0
[m[1;33m1970-01-01 14:43:35.767|W|181354659|lpUCM 	handlerName: sail_hyp
[m[1;33m1970-01-01 14:43:35.767|W|181354659|lpUCM 	installedPath: /opt/data/fota/
[m[1;33m1970-01-01 14:43:35.767|W|181354659|lpUCM seek: 0 splits: 0 
[m[1;33m1970-01-01 14:43:35.767|W|181354659|lpUCM 
[m[1;33m1970-01-01 14:43:35.767|W|181354659|lpUCM [bootChain.c:FDS_bcDiskCorrection:117] diskpart  is no label
[m[1;33m1970-01-01 14:43:35.767|W|181354659|lpUCM [bootChain.c:FDS_bcDiskCorrection:117] diskpart  is no label
[m[0;32;32m1970-01-01 14:43:35.767|I|181354659|lpUCM [scm.c:FDS_scmSaveTmpVersion:823] switchAB:1,
[m[0;32;32m1970-01-01 14:43:35.767|I|181354659|lpUCM [upa.c:FDS_upaWriteTemporaryVersion:271] FDS_upaWriteTemporaryVersion
[m[0;32;32m1970-01-01 14:43:35.767|I|181354659|lpUCM IpcKeyValueClient construct
[m[1;33m1970-01-01 14:43:35.778|W|181354659|lpUCM IpcClientChannel open suc, retries: 0 
[m[0;32;32m1970-01-01 14:43:35.778|I|181354659|lpUCM IpcKeyValueClient::init ipcclient suc
[m[0;32;32m1970-01-01 14:43:35.778|I|181354659|lpUCM PER_storageCreate create success
[m[1;33m1970-01-01 14:43:35.778|W|1056854|lpPer DbAdapter::SetValue setvalue key: CAL_NOFEELUP_ECUSOFNUM, value: 0x31 2e 30 30 2e 30 31 32 31 00 , authority: lpUCM
[m[1;33m1970-01-01 14:43:35.779|W|1056854|lpPer DbAdapter::SetValue setvalue key: CAL_NOFEELUP_SYSSOFNUM, value: 0x31 2e 30 30 2e 30 31 32 31 00 , authority: lpUCM
[m[0;32;32m1970-01-01 14:43:35.779|I|181354659|lpUCM IpcKeyValueClient deconstruct
[m[0;32;32m1970-01-01 14:43:35.779|I|181354659|lpUCM PerClient deconstruct
[m[1;33m1970-01-01 14:43:35.779|W|181354659|lpUCM [scm.c:FDS_scmDeployImages:435] start [1st] deploy:abl.elf.gz
[m[0;32;32m1970-01-01 14:43:35.779|I|181354659|lpUCM [fds.cpp:FDS_OnLocalUpgProgress:245] total: 58, curr:1, percent:0, rop:0%
[m[0;32;32m1970-01-01 14:43:35.779|I|181354659|lpUCM [handler.c:FDS_idhFindDesc:79] find time 1, name raw, handler_name = raw
[m[0;32;32m1970-01-01 14:43:35.779|I|181354659|lpUCM [handler.c:FDS_idhFindDesc:94] find handler raw, type = 0
[m[0;32;32m1970-01-01 14:43:35.779|I|181354659|lpUCM [handler.c:FDS_idhFindDesc:79] find time 1, name raw, handler_name = raw
[m[0;32;32m1970-01-01 14:43:35.779|I|181354659|lpUCM [handler.c:FDS_idhFindDesc:94] find handler raw, type = 0
[m[0;32;31m1970-01-01 14:43:35.779|E|181354659|lpUCM [handler.c:FDS_idhExtractFile:228] Open file failed, path = /dev/disk/abl_inactive, errno = No such file or directory
[m[0;32;31m1970-01-01 14:43:35.779|E|181354659|lpUCM [handler.c:FDS_idhRaw:202] OTA:FDS_idhExtractFile failed
[m[0;32;31m1970-01-01 14:43:35.779|E|181354659|lpUCM [dfm.c:FDS_dfmDeploy:194] FDS_idhInvoke failed ret : -1
[m[0;32;31m1970-01-01 14:43:35.779|E|181354659|lpUCM [scm.c:FDS_scmSendError:143] 2303,-1,install fail:-1,abl.elf.gz
[m[0;32;31m1970-01-01 14:43:35.779|E|181354659|lpUCM [scm.c:FDS_scmInstallImages:880] deploy image fail:-1
[m[0;32;31m1970-01-01 14:43:35.779|E|181354659|lpUCM [scm.c:FDS_scmOnHandleFile:963] install images fail
[m[0;32;32m1970-01-01 14:43:35.779|I|181354659|lpUCM [scm.c:FDS_scmUpgradeFromFile:1017] handle file result:-1
