Could not chdir to home directory /root: No such file or directory
[m[0;32;32m1970-01-01 02:54:58.16|I|2318451|lpHids [idslib] [module_process] 0013 --- abnormal_proc_alarm_callback >>> [info] debug>>process alarm [/ifs/bin/grep UCM]
[m[1;33m1970-01-01 02:54:59.873|W|143327361|lpUCM [fds.cpp:FDS_printVerInfo:64] Compiled on: Nov 24 2025 at 05:36:35
[m[1;33m1970-01-01 02:54:59.873|W|143327361|lpUCM [fds.cpp:FDS_printVerInfo:66] ********************VERSION*******************
[m[1;33m1970-01-01 02:54:59.873|W|143327361|lpUCM [fds.cpp:FDS_printVerInfo:67] Branch     : 
[m[1;33m1970-01-01 02:54:59.873|W|143327361|lpUCM [fds.cpp:FDS_printVerInfo:68] Commit Hash: 8a4f7e9a3166a94e10220e6675de38faa1ed7094
[m[1;33m1970-01-01 02:54:59.873|W|143327361|lpUCM [fds.cpp:FDS_printVerInfo:69] Commit Time: 2025-11-21 19:04:30 +0800
[m[1;33m1970-01-01 02:54:59.873|W|143327361|lpUCM [fds.cpp:FDS_printVerInfo:70] **********************************************
[m[0;32;32m1970-01-01 02:54:59.873|I|143327361|lpUCM [8650_handler.c:FDS_idhGetDescTable:44] descTable is 100be9e0, g_idhTbl is 1011d120, size = 5
[m[0;32;32m1970-01-01 02:54:59.882|I|143327361|lpUCM [fds.cpp:main:99] start upgrade by local file: /opt/data/fota/LP-ADDC050-AA_V1.02.0014F_D_20251218.icsw
[m[0;32;32m1970-01-01 02:54:59.882|I|143327361|lpUCM [upa.c:FDS_upaSetSilenceMode:236] FDS_upaSetSilenceMode
[m[0;32;32m1970-01-01 02:54:59.882|I|143327361|lpUCM IpcKeyValueClient construct
[m[1;33m1970-01-01 02:54:59.893|W|143327361|lpUCM IpcClientChannel open suc, retries: 0 
[m[0;32;32m1970-01-01 02:54:59.893|I|143327361|lpUCM IpcKeyValueClient::init ipcclient suc
[m[0;32;32m1970-01-01 02:54:59.893|I|143327361|lpUCM DbKeyValueStorage construct.
[m[0;32;32m1970-01-01 02:54:59.893|I|143327361|lpUCM DbKeyValueStorage::Init filename:/opt/data/config/appData.db, filebackname:/opt/data/config/appData.dbbak
[m[0;32;31m1970-01-01 02:54:59.897|E|143327361|lpUCM getvalue uselast sqlite3_step err:101
[m[0;32;31m1970-01-01 02:54:59.897|E|143327361|lpUCM getvalue uselast sqlite3_step err:101
[m[0;32;32m1970-01-01 02:54:59.897|I|143327361|lpUCM db backup thread begin.
[m[0;32;32m1970-01-01 02:54:59.897|I|143327361|lpUCM DbKeyValueStorage init succ.
[m[0;32;32m1970-01-01 02:54:59.898|I|143327361|lpUCM PER_storageCreate create success
[m[1;33m1970-01-01 02:54:59.898|W|2207750|lpPer DbAdapter::SetValue setvalue key: CAL_NOFEELUP_VALIDFLAG, value: 0x00 , authority: lpUCM
[m[0;32;32m1970-01-01 02:54:59.899|I|143327361|lpUCM IpcKeyValueClient deconstruct
[m[0;32;32m1970-01-01 02:55:00.899|I|143327361|lpUCM db backup thread end.
[m[0;32;32m1970-01-01 02:55:00.899|I|143327361|lpUCM DbKeyValueStorage deconstruct.
[m[0;32;32m1970-01-01 02:55:00.899|I|143327361|lpUCM PerClient deconstruct
[m[0;32;32m1970-01-01 02:55:00.899|I|143327361|lpUCM [file.c:FDS_fileMkDir:274] Directory /opt/data/fota/ already exists
[m[0;32;31m1970-01-01 02:55:00.900|E|143327361|lpUCM [img.c:FDS_imgGetVal:37] [scripts] FDS_cfgGetSubNodeByName fail 
[m[1;33m1970-01-01 02:55:00.900|W|143327361|lpUCM [dum.c:FDS_dumConvertSwtchAB:151] STUB !!!
[m[0;32;32m1970-01-01 02:55:00.900|I|143327361|lpUCM [scm.c:FDS_scmOnHandleFile:926] offset:7384
[m[1;33m1970-01-01 02:55:00.900|W|143327361|lpUCM [dum.c:FDS_dumGetProduct:98] STUB !!!
[m[1;33m1970-01-01 02:55:00.900|W|143327361|lpUCM [dum.c:FDS_dumGetProduct:141] product:LP-ADDC050-AA
[m[0;32;32m1970-01-01 02:55:00.900|I|143327361|lpUCM IpcKeyValueClient construct
[m[1;33m1970-01-01 02:55:00.900|W|143327361|lpUCM IpcClientChannel open suc, retries: 0 
[m[0;32;32m1970-01-01 02:55:00.900|I|143327361|lpUCM IpcKeyValueClient::init ipcclient suc
[m[0;32;32m1970-01-01 02:55:00.900|I|143327361|lpUCM DbKeyValueStorage construct.
[m[0;32;32m1970-01-01 02:55:00.900|I|143327361|lpUCM DbKeyValueStorage::Init filename:/opt/data/config/appData.db, filebackname:/opt/data/config/appData.dbbak
[m[0;32;31m1970-01-01 02:55:00.902|E|143327361|lpUCM getvalue uselast sqlite3_step err:101
[m[0;32;31m1970-01-01 02:55:00.902|E|143327361|lpUCM getvalue uselast sqlite3_step err:101
[m[0;32;32m1970-01-01 02:55:00.902|I|143327361|lpUCM db backup thread begin.
[m[0;32;32m1970-01-01 02:55:00.902|I|143327361|lpUCM DbKeyValueStorage init succ.
[m[0;32;32m1970-01-01 02:55:00.902|I|143327361|lpUCM PER_storageCreate create success
[m[0;32;32m1970-01-01 02:55:00.903|I|143327361|lpUCM [upa.c:FDS_upaCmpSwVersion:51] FDS_upaCmpSwVersion throuth pia 3.11.25
[m[1;33m1970-01-01 02:55:00.903|W|143327361|lpUCM [upa.c:FDS_upaCmpSwVersion:64] packect_version 1.02.0014F curversion 3.11.25 
[m[0;32;32m1970-01-01 02:55:00.903|I|143327361|lpUCM IpcKeyValueClient deconstruct
[m[0;32;32m1970-01-01 02:55:01.903|I|143327361|lpUCM db backup thread end.
[m[0;32;32m1970-01-01 02:55:01.903|I|143327361|lpUCM DbKeyValueStorage deconstruct.
[m[0;32;32m1970-01-01 02:55:01.903|I|143327361|lpUCM PerClient deconstruct
[m[0;32;31m1970-01-01 02:55:01.903|E|143327361|lpUCM [scm.c:FDS_scmSendError:143] 2208,-1,version cannot be rolled back
[m[0;32;31m1970-01-01 02:55:01.903|E|143327361|lpUCM [scm.c:FDS_scmCheckCompatibility:678] abnormal sw compatibility 
[m[0;32;31m1970-01-01 02:55:01.903|E|143327361|lpUCM [scm.c:FDS_scmOnHandleFile:930] check HW compatibility fail